#-----------------------------------------------------------
# Webtalk v2017.4 (64-bit)
# SW Build 2086221 on Fri Dec 15 20:55:39 MST 2017
# IP Build 2085800 on Fri Dec 15 22:25:07 MST 2017
# Start of session at: Fri Mar  2 16:11:18 2018
# Process ID: 5124
# Current directory: C:/Progetto_Reti_Logiche/project_reti_logiche/project_reti_logiche.sim/sim_1/impl/func/xsim
# Command line: wbtcv.exe -mode batch -source C:/Progetto_Reti_Logiche/project_reti_logiche/project_reti_logiche.sim/sim_1/impl/func/xsim/xsim.dir/project_tb_func_impl/webtalk/xsim_webtalk.tcl -notrace
# Log file: C:/Progetto_Reti_Logiche/project_reti_logiche/project_reti_logiche.sim/sim_1/impl/func/xsim/webtalk.log
# Journal file: C:/Progetto_Reti_Logiche/project_reti_logiche/project_reti_logiche.sim/sim_1/impl/func/xsim\webtalk.jou
#-----------------------------------------------------------
source C:/Progetto_Reti_Logiche/project_reti_logiche/project_reti_logiche.sim/sim_1/impl/func/xsim/xsim.dir/project_tb_func_impl/webtalk/xsim_webtalk.tcl -notrace
