#-----------------------------------------------------------
# Vivado v2017.4 (64-bit)
# SW Build 2086221 on Fri Dec 15 20:55:39 MST 2017
# IP Build 2085800 on Fri Dec 15 22:25:07 MST 2017
# Start of session at: Mon Mar  5 21:58:57 2018
# Process ID: 1492
# Current directory: C:/Progetto_Reti_Logiche/project_reti_logiche
# Command line: vivado.exe -gui_launcher_event rodinguilauncherevent7080 C:\Progetto_Reti_Logiche\project_reti_logiche\project_reti_logiche.xpr
# Log file: C:/Progetto_Reti_Logiche/project_reti_logiche/vivado.log
# Journal file: C:/Progetto_Reti_Logiche/project_reti_logiche\vivado.jou
#-----------------------------------------------------------
start_gui
open_project C:/Progetto_Reti_Logiche/project_reti_logiche/project_reti_logiche.xpr
update_compile_order -fileset sources_1
create_fileset -simset sim_extra_1
set_property SOURCE_SET sources_1 [get_filesets sim_extra_1]
add_files -fileset sim_extra_1 -norecurse C:/Progetto_Reti_Logiche/test_bench/FSM_testbenchExtra1.vhd
update_compile_order -fileset sim_extra_1
update_compile_order -fileset sim_extra_1
launch_simulation -simset sim_2
source project_tb.tcl
close_sim
launch_simulation -simset sim_2
source project_tb.tcl
close_sim
launch_simulation -simset sim_2
source project_tb.tcl
close_sim
launch_simulation -simset sim_2
source project_tb.tcl
launch_simulation -simset sim_extra_1
source project_tb.tcl
close_sim
launch_simulation -simset sim_extra_1
source project_tb.tcl
set_property -name {xsim.simulate.runtime} -value {1s} -objects [get_filesets sim_extra_1]
close_sim
launch_simulation -simset sim_extra_1
source project_tb.tcl
