#-----------------------------------------------------------
# Vivado v2017.4 (64-bit)
# SW Build 2086221 on Fri Dec 15 20:55:39 MST 2017
# IP Build 2085800 on Fri Dec 15 22:25:07 MST 2017
# Start of session at: Tue Mar  6 00:26:53 2018
# Process ID: 7760
# Current directory: C:/Progetto_Reti_Logiche/project_reti_logiche
# Command line: vivado.exe -gui_launcher_event rodinguilauncherevent6828 C:\Progetto_Reti_Logiche\project_reti_logiche\project_reti_logiche.xpr
# Log file: C:/Progetto_Reti_Logiche/project_reti_logiche/vivado.log
# Journal file: C:/Progetto_Reti_Logiche/project_reti_logiche\vivado.jou
#-----------------------------------------------------------
start_gui
open_project C:/Progetto_Reti_Logiche/project_reti_logiche/project_reti_logiche.xpr
update_compile_order -fileset sources_1
update_compile_order -fileset sim_1
update_compile_order -fileset sim_2
update_compile_order -fileset sim_4
launch_simulation -simset sim_4 -mode post-implementation -type functional
source project_tb.tcl
close_sim
launch_simulation -simset sim_4 -mode post-implementation -type functional
reset_run synth_1
launch_runs impl_1
wait_on_run impl_1
refresh_design
launch_simulation -simset sim_4 -mode post-synthesis -type functional
source project_tb.tcl
reset_simulation -simset sim_4 -mode behavioral
reset_simulation -simset sim_extra_1 -mode post-implementation -type functional
reset_simulation -simset sim_4 -mode post-implementation -type functional
reset_simulation -simset sim_3 -mode post-synthesis -type functional
reset_simulation -simset sim_3 -mode post-implementation -type timing
reset_simulation -simset sim_3 -mode post-implementation -type functional
reset_simulation -simset sim_2 -mode behavioral
reset_simulation -simset sim_2 -mode post-synthesis -type functional
reset_simulation -simset sim_2 -mode post-implementation -type functional
reset_simulation -simset sim_1 -mode post-synthesis -type functional
reset_simulation -simset sim_1 -mode post-implementation -type functional
close_sim
