#-----------------------------------------------------------
# Vivado v2017.4 (64-bit)
# SW Build 2086221 on Fri Dec 15 20:55:39 MST 2017
# IP Build 2085800 on Fri Dec 15 22:25:07 MST 2017
# Start of session at: Mon Mar  5 22:30:47 2018
# Process ID: 4352
# Current directory: C:/Progetto_Reti_Logiche/project_reti_logiche
# Command line: vivado.exe -gui_launcher_event rodinguilauncherevent3436 C:\Progetto_Reti_Logiche\project_reti_logiche\project_reti_logiche.xpr
# Log file: C:/Progetto_Reti_Logiche/project_reti_logiche/vivado.log
# Journal file: C:/Progetto_Reti_Logiche/project_reti_logiche\vivado.jou
#-----------------------------------------------------------
start_gui
open_project C:/Progetto_Reti_Logiche/project_reti_logiche/project_reti_logiche.xpr
update_compile_order -fileset sources_1
set_property -name {xsim.simulate.runtime} -value {1ms} -objects [get_filesets sim_extra_1]
launch_simulation -simset sim_extra_1
source project_tb.tcl
set_property -name {xsim.simulate.runtime} -value {100ms} -objects [get_filesets sim_extra_1]
close_sim
launch_simulation -simset sim_extra_1
source project_tb.tcl
close_sim
launch_simulation -simset sim_extra_1
launch_simulation -simset sim_extra_1
source project_tb.tcl
close_sim
launch_simulation -simset sim_extra_1
launch_simulation -simset sim_extra_1
source project_tb.tcl
close_sim
launch_simulation -simset sim_extra_1
source project_tb.tcl
close_sim
launch_simulation -simset sim_extra_1
source project_tb.tcl
close_sim
launch_simulation -simset sim_extra_1
source project_tb.tcl
close_sim
launch_simulation -simset sim_extra_1
source project_tb.tcl
close_sim
launch_simulation -simset sim_extra_1
source project_tb.tcl
close_sim
launch_simulation -simset sim_extra_1
source project_tb.tcl
close_sim
launch_simulation -simset sim_extra_1
source project_tb.tcl
close_sim
launch_simulation -simset sim_extra_1
source project_tb.tcl
close_sim
launch_simulation -simset sim_extra_1
source project_tb.tcl
close_sim
launch_simulation -simset sim_extra_1
source project_tb.tcl
close_sim
launch_simulation -simset sim_extra_1
source project_tb.tcl
close_sim
launch_simulation -simset sim_extra_1
source project_tb.tcl
close_sim
launch_simulation -simset sim_extra_1
source project_tb.tcl
launch_simulation -simset sim_4
source project_tb.tcl
launch_simulation -simset sim_3
source project_tb.tcl
launch_simulation -simset sim_2
source project_tb.tcl
launch_simulation
source project_tb.tcl
close_sim
launch_simulation
current_sim simulation_20
close_sim
current_sim simulation_19
launch_simulation -simset sim_2
source project_tb.tcl
reset_run synth_1
launch_runs impl_1
wait_on_run impl_1
open_run impl_1
reset_run synth_1
launch_runs impl_1
wait_on_run impl_1
refresh_design
launch_simulation -simset sim_4 -mode post-implementation -type functional
source project_tb.tcl
launch_simulation -simset sim_3 -mode post-implementation -type functional
source project_tb.tcl
current_sim simulation_23
close_sim
current_sim simulation_22
launch_simulation -simset sim_4 -mode post-implementation -type functional
source project_tb.tcl
current_sim simulation_24
close_sim
current_sim simulation_22
launch_simulation -simset sim_3 -mode post-implementation -type functional
source project_tb.tcl
launch_simulation -simset sim_2 -mode post-synthesis -type functional
source project_tb.tcl
launch_simulation -mode post-implementation -type functional
source project_tb.tcl
launch_simulation -simset sim_extra_1 -mode post-implementation -type functional
source project_tb.tcl
close_sim
current_sim simulation_28
close_sim
current_sim simulation_27
close_sim
current_sim simulation_26
close_sim
current_sim simulation_25
close_sim
current_sim simulation_22
close_sim
current_sim simulation_19
close_sim
current_sim simulation_18
